// Jest Snapshot v1, https://goo.gl/fbAQLP

exports[`should match snapshot 1`] = `
<div
  class="sc-hKFxyN gcDctk"
>
  <svg
    class="sc-dlnjwi eZHRFH sc-eCApnc hcAKMR"
    height="320"
    preserveAspectRatio="none"
    viewBox="0 0 1440 320"
    width="100%"
    xmlns="http://www.w3.org/2000/svg"
  >
    <path
      class="sc-bdnxRM eMaIpy"
      d="M0,224L48,192C96,160,192,96,288,90.7C384,85,480,139,576,138.7C672,139,768,85,864,101.3C960,117,1056,203,1152,224C1248,245,1344,203,1392,181.3L1440,160L1440,320L1392,320C1344,320,1248,320,1152,320C1056,320,960,320,864,320C768,320,672,320,576,320C480,320,384,320,288,320C192,320,96,320,48,320L0,320Z"
      fill="#FFFFFF"
      fill-opacity="0.35"
    />
    <path
      class="sc-gtsrHT dUsYnb"
      d="M0,224L48,192C96,160,192,96,288,90.7C384,85,480,139,576,138.7C672,139,768,85,864,101.3C960,117,1056,203,1152,224C1248,245,1344,203,1392,181.3L1440,160L1440,320L1392,320C1344,320,1248,320,1152,320C1056,320,960,320,864,320C768,320,672,320,576,320C480,320,384,320,288,320C192,320,96,320,48,320L0,320Z"
      fill="#FFFFFF"
      fill-opacity="0.35"
    >
      <animate
        attributeName="d"
        calcMode="spline"
        dur="30s"
        keySplines="0.45, 0, 0.55, 1;0.45, 0, 0.55, 1;0.45, 0, 0.55, 1"
        keyTimes="0;0.2;0.8;1"
        repeatCount="indefinite"
        values="M0,224L48,192C96,160,192,96,288,90.7C384,85,480,139,576,138.7C672,139,768,85,864,101.3C960,117,1056,203,1152,224C1248,245,1344,203,1392,181.3L1440,160L1440,320L1392,320C1344,320,1248,320,1152,320C1056,320,960,320,864,320C768,320,672,320,576,320C480,320,384,320,288,320C192,320,96,320,48,320L0,320Z;M0,128L48,154.7C96,181,192,235,288,234.7C384,235,480,181,576,138.7C672,96,768,64,864,48C960,32,1056,32,1152,48C1248,64,1344,96,1392,112L1440,128L1440,320L1392,320C1344,320,1248,320,1152,320C1056,320,960,320,864,320C768,320,672,320,576,320C480,320,384,320,288,320C192,320,96,320,48,320L0,320Z;M0,288L48,261.3C96,235,192,181,288,133.3C384,85,480,43,576,58.7C672,75,768,149,864,170.7C960,192,1056,160,1152,170.7C1248,181,1344,235,1392,261.3L1440,288L1440,320L1392,320C1344,320,1248,320,1152,320C1056,320,960,320,864,320C768,320,672,320,576,320C480,320,384,320,288,320C192,320,96,320,48,320L0,320Z;M0,224L48,192C96,160,192,96,288,90.7C384,85,480,139,576,138.7C672,139,768,85,864,101.3C960,117,1056,203,1152,224C1248,245,1344,203,1392,181.3L1440,160L1440,320L1392,320C1344,320,1248,320,1152,320C1056,320,960,320,864,320C768,320,672,320,576,320C480,320,384,320,288,320C192,320,96,320,48,320L0,320Z"
      />
    </path>
    <path
      class="sc-bdnxRM eMaIpy"
      d="M0,288L48,261.3C96,235,192,181,288,133.3C384,85,480,43,576,58.7C672,75,768,149,864,170.7C960,192,1056,160,1152,170.7C1248,181,1344,235,1392,261.3L1440,288L1440,320L1392,320C1344,320,1248,320,1152,320C1056,320,960,320,864,320C768,320,672,320,576,320C480,320,384,320,288,320C192,320,96,320,48,320L0,320Z"
      fill="#FFFFFF"
      fill-opacity="0.5"
    />
    <path
      class="sc-gtsrHT dUsYnb"
      d="M0,288L48,261.3C96,235,192,181,288,133.3C384,85,480,43,576,58.7C672,75,768,149,864,170.7C960,192,1056,160,1152,170.7C1248,181,1344,235,1392,261.3L1440,288L1440,320L1392,320C1344,320,1248,320,1152,320C1056,320,960,320,864,320C768,320,672,320,576,320C480,320,384,320,288,320C192,320,96,320,48,320L0,320Z"
      fill="#FFFFFF"
      fill-opacity="0.5"
    >
      <animate
        attributeName="d"
        calcMode="spline"
        dur="25s"
        keySplines="0.45, 0, 0.55, 1;0.45, 0, 0.55, 1;0.45, 0, 0.55, 1"
        keyTimes="0;0.3;0.7;1"
        repeatCount="indefinite"
        values="M0,288L48,261.3C96,235,192,181,288,133.3C384,85,480,43,576,58.7C672,75,768,149,864,170.7C960,192,1056,160,1152,170.7C1248,181,1344,235,1392,261.3L1440,288L1440,320L1392,320C1344,320,1248,320,1152,320C1056,320,960,320,864,320C768,320,672,320,576,320C480,320,384,320,288,320C192,320,96,320,48,320L0,320Z;M0,224L48,192C96,160,192,96,288,90.7C384,85,480,139,576,138.7C672,139,768,85,864,101.3C960,117,1056,203,1152,224C1248,245,1344,203,1392,181.3L1440,160L1440,320L1392,320C1344,320,1248,320,1152,320C1056,320,960,320,864,320C768,320,672,320,576,320C480,320,384,320,288,320C192,320,96,320,48,320L0,320Z;M0,128L48,154.7C96,181,192,235,288,234.7C384,235,480,181,576,138.7C672,96,768,64,864,48C960,32,1056,32,1152,48C1248,64,1344,96,1392,112L1440,128L1440,320L1392,320C1344,320,1248,320,1152,320C1056,320,960,320,864,320C768,320,672,320,576,320C480,320,384,320,288,320C192,320,96,320,48,320L0,320Z;M0,288L48,261.3C96,235,192,181,288,133.3C384,85,480,43,576,58.7C672,75,768,149,864,170.7C960,192,1056,160,1152,170.7C1248,181,1344,235,1392,261.3L1440,288L1440,320L1392,320C1344,320,1248,320,1152,320C1056,320,960,320,864,320C768,320,672,320,576,320C480,320,384,320,288,320C192,320,96,320,48,320L0,320Z"
      />
    </path>
    <path
      class="sc-bdnxRM eMaIpy"
      d="M0,128L48,154.7C96,181,192,235,288,234.7C384,235,480,181,576,138.7C672,96,768,64,864,48C960,32,1056,32,1152,48C1248,64,1344,96,1392,112L1440,128L1440,320L1392,320C1344,320,1248,320,1152,320C1056,320,960,320,864,320C768,320,672,320,576,320C480,320,384,320,288,320C192,320,96,320,48,320L0,320Z"
      fill="#FFFFFF"
      fill-opacity="1"
    />
    <path
      class="sc-gtsrHT dUsYnb"
      d="M0,128L48,154.7C96,181,192,235,288,234.7C384,235,480,181,576,138.7C672,96,768,64,864,48C960,32,1056,32,1152,48C1248,64,1344,96,1392,112L1440,128L1440,320L1392,320C1344,320,1248,320,1152,320C1056,320,960,320,864,320C768,320,672,320,576,320C480,320,384,320,288,320C192,320,96,320,48,320L0,320Z"
      fill="#FFFFFF"
      fill-opacity="1"
    >
      <animate
        attributeName="d"
        calcMode="spline"
        dur="35s"
        keySplines="0.45, 0, 0.55, 1;0.45, 0, 0.55, 1;0.45, 0, 0.55, 1"
        keyTimes="0;0.4;0.6;1"
        repeatCount="indefinite"
        values="M0,128L48,154.7C96,181,192,235,288,234.7C384,235,480,181,576,138.7C672,96,768,64,864,48C960,32,1056,32,1152,48C1248,64,1344,96,1392,112L1440,128L1440,320L1392,320C1344,320,1248,320,1152,320C1056,320,960,320,864,320C768,320,672,320,576,320C480,320,384,320,288,320C192,320,96,320,48,320L0,320Z;M0,288L48,261.3C96,235,192,181,288,133.3C384,85,480,43,576,58.7C672,75,768,149,864,170.7C960,192,1056,160,1152,170.7C1248,181,1344,235,1392,261.3L1440,288L1440,320L1392,320C1344,320,1248,320,1152,320C1056,320,960,320,864,320C768,320,672,320,576,320C480,320,384,320,288,320C192,320,96,320,48,320L0,320Z;M0,224L48,192C96,160,192,96,288,90.7C384,85,480,139,576,138.7C672,139,768,85,864,101.3C960,117,1056,203,1152,224C1248,245,1344,203,1392,181.3L1440,160L1440,320L1392,320C1344,320,1248,320,1152,320C1056,320,960,320,864,320C768,320,672,320,576,320C480,320,384,320,288,320C192,320,96,320,48,320L0,320Z;M0,128L48,154.7C96,181,192,235,288,234.7C384,235,480,181,576,138.7C672,96,768,64,864,48C960,32,1056,32,1152,48C1248,64,1344,96,1392,112L1440,128L1440,320L1392,320C1344,320,1248,320,1152,320C1056,320,960,320,864,320C768,320,672,320,576,320C480,320,384,320,288,320C192,320,96,320,48,320L0,320Z"
      />
    </path>
  </svg>
  <div
    class="sc-jSFjdj iqrXij"
  >
    <section
      class="sc-bqGGPW cMYPGv sc-iJCRrE bvUleU"
    >
      <h2
        class="sc-giAqHp dkzsZm"
      >
        404
      </h2>
      <h2
        class="sc-ksluID bOubR"
      >
        This page does not exist
      </h2>
      <a
        class="sc-iwajpm fEDrup"
        href="/"
      >
        â†‘ Come on, let's get you home...
      </a>
    </section>
  </div>
</div>
`;
