// Jest Snapshot v1, https://goo.gl/fbAQLP

exports[`should match snapshot 1`] = `
<code
  class="sc-bdnxRM eovKsg"
>
  const x = 1;
</code>
`;
