// Jest Snapshot v1, https://goo.gl/fbAQLP

exports[`should match snapshot 1`] = `
<footer
  class="Footer__StyledFooter-sc-1bf9ltf-0"
>
  This is some footer content
  <span
    class="Footer__Copyright-sc-1bf9ltf-1 eglEeI"
  >
    Â© 
    2022
     
    <a
      class="Link__StyledLink-sc-1f1h41h-0 ihYBgS"
      href="/"
    >
      Kevin Paxton
    </a>
  </span>
</footer>
`;
