// Jest Snapshot v1, https://goo.gl/fbAQLP

exports[`should match snapshot 1`] = `
<h2
  class="sc-bdnxRM cKHSXO"
>
  This is a heading
</h2>
`;
