// Jest Snapshot v1, https://goo.gl/fbAQLP

exports[`should match snapshot 1`] = `
<header
  class="sc-bdnxRM"
>
  This is some content
</header>
`;
