// Jest Snapshot v1, https://goo.gl/fbAQLP

exports[`should match snapshot 1`] = `
<a
  class="sc-bdnxRM cxPhFm"
  href="https://kevinpaxton.com"
>
  This is a link which looks like a button
</a>
`;
