// Jest Snapshot v1, https://goo.gl/fbAQLP

exports[`should match snapshot 1`] = `
<p
  class="sc-bdnxRM cFJnHW"
>
  This is some content
</p>
`;
